<html>
<body>
<pre>
<h1>µVision Build Log</h1>
<h2>Tool Versions:</h2>
IDE-Version: ¦ÌVision V5.35.0.0
Copyright (C) 2021 ARM Ltd and ARM Germany GmbH. All rights reserved.
License Information: GNN d, s, LIC=03C6R-KFPN1-GKLBG-VI4U1-GI9FG-3W575
 
Tool Versions:
Toolchain:       MDK-ARM Plus  Version: 5.35.0.2
Toolchain Path:  I:\Keil_v5\ARM\ARMCC\Bin
C Compiler:      Armcc.exe V5.06 update 7 (build 960)
Assembler:       Armasm.exe V5.06 update 7 (build 960)
Linker/Locator:  ArmLink.exe V5.06 update 7 (build 960)
Library Manager: ArmAr.exe V5.06 update 7 (build 960)
Hex Converter:   FromElf.exe V5.06 update 7 (build 960)
CPU DLL:         SARMCM3.DLL V5.35.0.2
Dialog DLL:      DCM.DLL V1.17.3.0
Target DLL:      CMSIS_AGDI.dll V1.33.0.0
Dialog DLL:      TCM.DLL V1.53.0.0
 
<h2>Project:</h2>
I:\Users\Maxwells_demon\OneDrive\Y2S2\Lanqiao\HAL_06_LCD\MDK-ARM\HAL_06_LCD.uvprojx
Project File Date:  05/14/2022

<h2>Output:</h2>
*** Using Compiler 'V5.06 update 7 (build 960)', folder: 'I:\Keil_v5\ARM\ARMCC\Bin'
Build target 'HAL_06_LCD'
compiling shop.c...
..\App\shop.h(20): warning:  #65-D: expected a ";"
  }shop_data_t;
..\App\shop.h(22): warning:  #1295-D: Deprecated declaration shop_task - give arg types
  void shop_task();
..\App\shop.h(23): warning:  #1295-D: Deprecated declaration shop_init - give arg types
  void shop_init();
..\App\shop.h(28): warning:  #1-D: last line of file ends without a newline
  #endif
..\App\keyfliter.h(21): warning:  #1295-D: Deprecated declaration key_fliter - give arg types
  void key_fliter();
..\App\keyfliter.h(22): warning:  #1-D: last line of file ends without a newline
  #endif
..\App\shop.c(18): warning:  #1295-D: Deprecated declaration buy_task - give arg types
  void buy_task();
..\App\shop.c(19): warning:  #1295-D: Deprecated declaration price_task - give arg types
  void price_task();
..\App\shop.c(20): warning:  #1295-D: Deprecated declaration rep_task - give arg types
  void rep_task();
..\App\shop.c(21): warning:  #1295-D: Deprecated declaration LED_ALLOFF - give arg types
  void LED_ALLOFF();
..\App\shop.c(22): warning:  #1295-D: Deprecated declaration change_mode - give arg types
  void change_mode();
..\App\shop.c(25): warning:  #1295-D: Deprecated declaration LED1_ON - give arg types
  void LED1_ON();
..\App\shop.c(27): warning:  #1295-D: Deprecated declaration LED_task - give arg types
  void LED_task();
..\App\shop.c(61): warning:  #167-D: argument of type "char *" is incompatible with parameter of type "uint8_t *"
  	HAL_UART_Receive_IT(&huart1,&rebuffer,sizeof(char));
..\App\shop.c(173): warning:  #1035-D: single-precision operand implicitly converted to double-precision
  			shop_data.X.price+=0.1;
..\App\shop.c(186): warning:  #1035-D: single-precision operand implicitly converted to double-precision
  			shop_data.Y.price+=0.1;
..\App\shop.c(201): warning:  #188-D: enumerated type mixed with another type
  		behaviour=(behaviour+1)%3;
..\App\shop.c(260): warning:  #167-D: argument of type "char *" is incompatible with parameter of type "uint8_t *"
  			HAL_UART_Receive_IT(&huart1,&rebuffer,sizeof(char));
..\App\shop.c: 18 warnings, 0 errors
linking...
Program Size: Code=20780 RO-data=5128 RW-data=32 ZI-data=1448  
FromELF: creating hex file...
"HAL_06_LCD\HAL_06_LCD.axf" - 0 Error(s), 18 Warning(s).

<h2>Software Packages used:</h2>

Package Vendor: ARM
                http://www.keil.com/pack/ARM.CMSIS.5.8.0.pack
                ARM.CMSIS.5.8.0
                CMSIS (Common Microcontroller Software Interface Standard)
   * Component: CORE Version: 5.5.0

Package Vendor: Keil
                http://www.keil.com/pack/Keil.STM32G4xx_DFP.1.4.0.pack
                Keil.STM32G4xx_DFP.1.4.0
                STMicroelectronics STM32G4 Series Device Support, Drivers and Examples

<h2>Collection of Component include folders:</h2>
  .\RTE\_HAL_06_LCD
  I:\Users\Maxwells_demon\AppData\Local\Arm\Packs\ARM\CMSIS\5.8.0\CMSIS\Core\Include
  I:\Users\Maxwells_demon\AppData\Local\Arm\Packs\Keil\STM32G4xx_DFP\1.4.0\Drivers\CMSIS\Device\ST\STM32G4xx\Include

<h2>Collection of Component Files used:</h2>

   * Component: ARM::CMSIS:CORE:5.5.0
Build Time Elapsed:  00:00:02
</pre>
</body>
</html>
